cn=Badici Mihai,ou=users,ou=4data.ro,dc=machinet disable
cn=Badici Mihai,ou=users,ou=4data.ro,dc=machinet enable
cn=Adrian Bidrian,ou=users,ou=abra.ro,dc=machinet enable
cn=Adrian Bidrian,ou=users,ou=abra.ro,dc=machinet disable
cn=Irina Balerina,ou=users,ou=abra.ro,dc=machinet disable
cn=Adrian Bidrian,ou=users,ou=abra.ro,dc=machinet enable
cn=Adrian Bidrian,ou=users,ou=abra.ro,dc=machinet disable
cn=Adrian Bidrian,ou=users,ou=abra.ro,dc=machinet enable
cn=Mihai Ma,ou=users,ou=testdom.com,dc=machinet disable
cn=Mihai Ma,ou=users,ou=testdom.com,dc=machinet enable
cn=Zorin Zaicu,ou=users,ou=abra.ro,dc=machinet disable
cn=Zorin Zaicu,ou=users,ou=abra.ro,dc=machinet enable
cn=Ana Ioana,ou=users,ou=abra.ro,dc=machinet enable
cn=Irina Balerina,ou=users,ou=abra.ro,dc=machinet enable
cn=Mihai Badici,ou=users,ou=company-test,dc=machinet enable
cn=Adrian Bidrian,ou=users,ou=abra.ro,dc=machinet disable
cn=Adrian Bidrian,ou=users,ou=abra.ro,dc=machinet disable
cn=Adrian Bidrian,ou=users,ou=abra.ro,dc=machinet enable
cn=Adrian Bidrian,ou=users,ou=abra.ro,dc=machinet disable
cn=Adrian Bidrian,ou=users,ou=abra.ro,dc=machinet enable
cn=Ana Ioana,ou=users,ou=abra.ro,dc=machinet disable
cn=Irina Balerina,ou=users,ou=abra.ro,dc=machinet disable
cn=Adrian Bidrian,ou=users,ou=abra.ro,dc=machinet disable
cn=Adrian Bidrian,ou=users,ou=abra.ro,dc=machinet enable
cn=Adrian Bidrian,ou=users,ou=abra.ro,dc=machinet disable
cn=Ana Ioana,ou=users,ou=abra.ro,dc=machinet enable
cn=Distgroup Distgroup,ou=groups,ou=testdom.com,dc=machinet disable
cn=Distgroup Distgroup,ou=groups,ou=testdom.com,dc=machinet disable
cn=Irina Balerina,ou=users,ou=abra.ro,dc=machinet enable
cn=Irina Balerina,ou=users,ou=abra.ro,dc=machinet disable
cn=Irina Balerina,ou=users,ou=abra.ro,dc=machinet enable
cn=Irina Balerina,ou=users,ou=abra.ro,dc=machinet disable
cn=Mihai B,ou=users,ou=company-test,dc=machinet disable
cn=Mihai B,ou=users,ou=company-test,dc=machinet enable
cn=Mihai Badici,ou=users,ou=company-test,dc=machinet disable
cn=Mihai Badici,ou=users,ou=company-test,dc=machinet enable
cn=Mihai B,ou=users,ou=company-test,dc=machinet disable
cn=Mihai B,ou=users,ou=company-test,dc=machinet enable
cn=Distgroup Distgroup,ou=groups,ou=testdom.com,dc=machinet disable
cn=Distgroup Distgroup,ou=groups,ou=testdom.com,dc=machinet disable
cn=Ana Ioana,ou=users,ou=abra.ro,dc=machinet disable
cn=Adrian Bidrian,ou=users,ou=abra.ro,dc=machinet enable
cn=Zorin Zaicu,ou=users,ou=abra.ro,dc=machinet disable
cn=Zorin Zaicu,ou=users,ou=abra.ro,dc=machinet enable
cn=Irina Balerina,ou=users,ou=abra.ro,dc=machinet enable
